17:37:51 **** Incremental Build of configuration Debug for project L02_Example ****
make -j8 all 
arm-none-eabi-gcc "../Core/Src/main.c" -mcpu=cortex-m7 -std=gnu11 -g3 -DDEBUG -DUSE_HAL_DRIVER -DSTM32F746xx -c -I../Core/Inc -I../Drivers/STM32F7xx_HAL_Driver/Inc -I../Drivers/STM32F7xx_HAL_Driver/Inc/Legacy -I../Drivers/CMSIS/Device/ST/STM32F7xx/Include -I../Drivers/CMSIS/Include -I"C:/Users/Grzegorz/OneDrive/Pulpit/NUCLEO-F746ZG-Examples-ver-2024-25-main/L02_Example/Components/Inc" -O0 -ffunction-sections -fdata-sections -Wall -fstack-usage -fcyclomatic-complexity -MMD -MP -MF"Core/Src/main.d" -MT"Core/Src/main.o" --specs=nano.specs -mfpu=fpv5-sp-d16 -mfloat-abi=hard -mthumb -o "Core/Src/main.o"
arm-none-eabi-gcc -o "L02_Example.elf" @"objects.list"   -mcpu=cortex-m7 -T"C:\Users\Grzegorz\OneDrive\Pulpit\NUCLEO-F746ZG-Examples-ver-2024-25-main\L02_Example\STM32F746ZGTX_FLASH.ld" --specs=nosys.specs -Wl,-Map="L02_Example.map" -Wl,--gc-sections -static --specs=nano.specs -mfpu=fpv5-sp-d16 -mfloat-abi=hard -mthumb -Wl,--start-group -lc -lm -Wl,--end-group
Finished building target: L02_Example.elf
 
arm-none-eabi-size  L02_Example.elf 
arm-none-eabi-objdump -h -S L02_Example.elf  > "L02_Example.list"
   text	   data	    bss	    dec	    hex	filename
  15532	     24	   1712	  17268	   4374	L02_Example.elf
Finished building: default.size.stdout
 
Finished building: L02_Example.list
 

17:37:52 Build Finished. 0 errors, 0 warnings. (took 973ms)

