16:40:31 **** Incremental Build of configuration Debug for project L05_Example ****
make -j8 all 
arm-none-eabi-gcc "../Core/Src/main.c" -mcpu=cortex-m7 -std=gnu11 -g3 -DDEBUG -DUSE_HAL_DRIVER -DSTM32F746xx -c -I../Core/Inc -I../Drivers/STM32F7xx_HAL_Driver/Inc -I../Drivers/STM32F7xx_HAL_Driver/Inc/Legacy -I../Drivers/CMSIS/Device/ST/STM32F7xx/Include -I../Drivers/CMSIS/Include -I"C:/Users/Grzegorz/STM32CubeIDE/NUCLEO-F746ZG-Examples-ver-2024-25/L05_Example/Components/Inc" -O0 -ffunction-sections -fdata-sections -Wall -fstack-usage -fcyclomatic-complexity -MMD -MP -MF"Core/Src/main.d" -MT"Core/Src/main.o" --specs=nano.specs -mfpu=fpv5-sp-d16 -mfloat-abi=hard -mthumb -o "Core/Src/main.o"
arm-none-eabi-gcc -o "L05_Example.elf" @"objects.list"   -mcpu=cortex-m7 -T"C:\Users\Grzegorz\STM32CubeIDE\NUCLEO-F746ZG-Examples-ver-2024-25\L05_Example\STM32F746ZGTX_FLASH.ld" --specs=nosys.specs -Wl,-Map="L05_Example.map" -Wl,--gc-sections -static --specs=nano.specs -mfpu=fpv5-sp-d16 -mfloat-abi=hard -mthumb -Wl,--start-group -lc -lm -Wl,--end-group
Finished building target: L05_Example.elf
 
arm-none-eabi-size  L05_Example.elf 
arm-none-eabi-objdump -h -S L05_Example.elf  > "L05_Example.list"
   text	   data	    bss	    dec	    hex	filename
  29216	    136	   2360	  31712	   7be0	L05_Example.elf
Finished building: default.size.stdout
 
Finished building: L05_Example.list
 

16:40:33 Build Finished. 0 errors, 0 warnings. (took 1s.178ms)

